<html>
<body>
<pre>
<h1>µVision Build Log</h1>
<h2>Project:</h2>
C:\Users\dmcau\Google Drive\Documents\College\(1) Freshman\EE319K- Embedded Systems\Labs\Lab 10\Lab 10 Final (1)\SpaceInvaders.uvproj
Project File Date:  11/03/2017

<h2>Output:</h2>
Rebuild target 'SpaceInvaders'
assembling startup.s...
assembling random.s...
compiling DAC.c...
DAC.c(7): warning:  #550-D: variable "delay" was set but never used
        uint32_t delay;
DAC.c: 1 warning, 0 errors
compiling ADC.c...
ADC.c(16): warning:  #550-D: variable "delay" was set but never used
                        uint32_t delay;
ADC.c: 1 warning, 0 errors
compiling Timer0.c...
compiling Timer1.c...
compiling Sound.c...
Sound.c(933): warning:  #550-D: variable "delay" was set but never used
        uint32_t delay;
Sound.c: 1 warning, 0 errors
assembling LCD.s...
assembling Print.s...
compiling SpaceInvaders.c...
SpaceInvaders.c(1494): warning:  #1-D: last line of file ends without a newline
  }
SpaceInvaders.c: 1 warning, 0 errors
compiling ST7735.c...
linking...
Program Size: Code=8164 RO-data=43416 RW-data=488 ZI-data=1416  
".\SpaceInvaders.axf" - 0 Error(s), 4 Warning(s).
Load "C:\\Users\\dmcau\\Google Drive\\Documents\\College\\(1) Freshman\\EE319K- Embedded Systems\\Labs\\Lab 10\\Lab 10 Final (1)\\SpaceInvaders.axf" 
Connecting: Mode=JTAG, Speed=1000000Hz
Erase Done.
Programming Done.
Verify OK.
</pre>
</body>
</html>
